AVL:
0: 130+(130+)X
1: 63(130+)L 169[2](130+)R
2: 32(63)L 95(63)R 153[4](169[2])L 175[2]-(169[2])R
3: 20[3](32)L 41-(32)R 76-(95)L 108[2](95)R 142[2](153[4])L 158[2]-(153[4])R 172[2]-(175[2]-)L 185+(175[2]-)R
4: 11[2](20[3])L 28[2]+(20[3])R 36[2]-(41-)L 50+(41-)R 70(76-)L 87(76-)R 102(108[2])L 120[3](108[2])R 135(142[2])L 147[2](142[2])R 155[2](158[2]-)L 163[2](158[2]-)R =171[2](172[2]-)L 173[2]-(172[2]-)R 178-(185+)L 188[2]+(185+)R
5: 6[2]+(11[2])L 18+(11[2])R 23(28[2]+)L 30[2]-(28[2]+)R =33[2](36[2]-)L 40+(36[2]-)R 43-(50+)L 58(50+)R 65[2](70)L 74(70)R 79(87)L 92+(87)R 100+(102)L 106[2]+(102)R 115(120[3])L 125[2](120[3])R 131[2]-(135)L 137(135)R 144(147[2])L 151[2](147[2])R =154(155[2])L =157[3](155[2])R 160[2](163[2])L 167[2](163[2])R =174(173[2]-)R =177[2](178-)L 181+(178-)R =187(188[2]+)L
6: 3[2](6[2]+)L =10(6[2]+)R 14(18+)L =19[4](18+)R 22[2]+(23)L 27[2]+(23)R =31(30[2]-)R =38(40+)L =42(43-)L 44-(43-)R =52[2](58)L =59(58)R =64(65[2])L =67[2](65[2])R =72[2](74)L =75(74)R 78[3]+(79)L 80-(79)R 89-(92+)L =93(92+)R 98[2]-(100+)L =101(100+)R 104-(106[2]+)L =107(106[2]+)R 111(115)L 117(115)R 122[2](125[2])L 128[3](125[2])R =132(131[2]-)R =136(137)L =141(137)R =143(144)L =146[2](144)R =150[2](151[2])L =152(151[2])R =159[2](160[2])L =162[4](160[2])R =166[2](167[2])L =168(167[2])R =180(181+)L
7: =2(3[2])L =5(3[2])R =13(14)L =15(14)R =21[2](22[2]+)L =25(27[2]+)L =45[2](44-)R =77(78[3]+)L =83[3](80-)R =91(89-)R =99(98[2]-)R =105[2](104-)R =109[3](111)L =113[3](111)R =116[2](117)L =119[2](117)R =121[2](122[2])L =124(122[2])R =126[2](128[3])L =129(128[3])R
debug: [130+ [63 [32 [20[3] [11[2] [6[2]+ [3[2] [2] [5]] [10]] [18+ [14 [13] [15]] [19[4]]]] [28[2]+ [23 [22[2]+ [21[2]]] [27[2]+ [25]]] [30[2]- [31]]]] [41- [36[2]- [33[2]] [40+ [38]]] [50+ [43- [42] [44- [45[2]]]] [58 [52[2]] [59]]]]] [95 [76- [70 [65[2] [64] [67[2]]] [74 [72[2]] [75]]] [87 [79 [78[3]+ [77]] [80- [83[3]]]] [92+ [89- [91]] [93]]]] [108[2] [102 [100+ [98[2]- [99]] [101]] [106[2]+ [104- [105[2]]] [107]]] [120[3] [115 [111 [109[3]] [113[3]]] [117 [116[2]] [119[2]]]] [125[2] [122[2] [121[2]] [124]] [128[3] [126[2]] [129]]]]]]] [169[2] [153[4] [142[2] [135 [131[2]- [132]] [137 [136] [141]]] [147[2] [144 [143] [146[2]]] [151[2] [150[2]] [152]]]] [158[2]- [155[2] [154] [157[3]]] [163[2] [160[2] [159[2]] [162[4]]] [167[2] [166[2]] [168]]]]] [175[2]- [172[2]- [171[2]] [173[2]- [174]]] [185+ [178- [177[2]] [181+ [180]]] [188[2]+ [187]]]]]]
size is 119
Duplicates: 70
Nodes: 119
Minimum depth: 4
Maximum depth: 7
