size is 6342
AVL:
0: 5909+(5909+)X
1: 3183+(5909+)L 7694-(5909+)R
2: 1329-(3183+)L 4317(3183+)R 6934(7694-)L 8888+(7694-)R
3: 355(1329-)L 2160-(1329-)R 3862-(4317)L 4764(4317)R 6405(6934)L 7350[2](6934)R 8420[3]+(8888+)L 9369+(8888+)R
4: 218+(355)L 771-(355)R 1870(2160-)L 2640+(2160-)R 3549(3862-)L 4032-(3862-)R 4552[3]-(4764)L 5174[2](4764)R 6266+(6405)L 6683[2](6405)R 7294(7350[2])L 7465(7350[2])R 8060[2]-(8420[3]+)L 8682[2](8420[3]+)R 9175(9369+)L 9682(9369+)R
5: 80+(218+)L 259(218+)R 567(771-)L 933(771-)R 1591+(1870)L 2012[2](1870)R 2500-(2640+)L 2939(2640+)R 3484-(3549)L 3644(3549)R 3903-(4032-)L 4113(4032-)R 4367-(4552[3]-)L 4631[2](4552[3]-)R 4887(5174[2])L 5508(5174[2])R 6135-(6266+)L =6270(6266+)R 6578(6683[2])L 6819[3](6683[2])R 7013-(7294)L 7332[2]+(7294)R 7420-(7465)L 7562-(7465)R 8028(8060[2]-)L 8178+(8060[2]-)R 8595(8682[2])L 8853[3]+(8682[2])R 8974+(9175)L 9213+(9175)R =9508[3](9682)L =9846[2](9682)R
6: 65+(80+)L =164(80+)R =221[2](259)L =265(259)R =467(567)L =618[2](567)R 846[2]+(933)L 959-(933)R 1472+(1591+)L =1665(1591+)R 1905-(2012[2])L 2079+(2012[2])R 2356[2]+(2500-)L 2576[2]-(2500-)R 2901-(2939)L 3030+(2939)R =3525(3484-)R =3577(3644)L =3716(3644)R =3972(3903-)R 4099[2]+(4113)L 4215[2](4113)R =4393(4367-)R 4593+(4631[2])L 4636[2]-(4631[2])R 4765-(4887)L 5134[2]+(4887)R 5334(5508)L 5571(5508)R =6138[2](6135-)R =6496(6578)L =6653(6578)R =6773[4](6819[3])L =6850(6819[3])R =7255(7013-)R =7299[2](7332[2]+)L =7422(7420-)R =7600[2](7562-)R =7988(8028)L =8055(8028)R 8105(8178+)L =8233[3](8178+)R =8448[2](8595)L =8625(8595)R =8703[2](8853[3]+)L =8900(8974+)L =9179[4](9213+)L
7: =5[2](65+)L =845(846[2]+)L =1163(959-)R =1348(1472+)L =1984(1905-)R =2018(2079+)L =2236[2](2356[2]+)L =2539(2576[2]-)L 2608(2576[2]-)R =2930[2](2901-)R =2976(3030+)L =4062[2](4099[2]+)L =4139(4215[2])L =4251[2](4215[2])R =4566[2](4593+)L =4642(4636[2]-)R =4815[3](4765-)R =4934[2](5134[2]+)L =5321(5334)L =5411[2](5334)R =5538(5571)L =5637(5571)R =8098(8105)L =8158(8105)R
8: =2603[3](2608)L =2610(2608)R
debug: [5909+ [3183+ [1329- [355 [218+ [80+ [65+ [5[2]]] [164]] [259 [221[2]] [265]]] [771- [567 [467] [618[2]]] [933 [846[2]+ [845]] [959- [1163]]]]] [2160- [1870 [1591+ [1472+ [1348]] [1665]] [2012[2] [1905- [1984]] [2079+ [2018]]]] [2640+ [2500- [2356[2]+ [2236[2]]] [2576[2]- [2539] [2608 [2603[3]] [2610]]]] [2939 [2901- [2930[2]]] [3030+ [2976]]]]]] [4317 [3862- [3549 [3484- [3525]] [3644 [3577] [3716]]] [4032- [3903- [3972]] [4113 [4099[2]+ [4062[2]]] [4215[2] [4139] [4251[2]]]]]] [4764 [4552[3]- [4367- [4393]] [4631[2] [4593+ [4566[2]]] [4636[2]- [4642]]]] [5174[2] [4887 [4765- [4815[3]]] [5134[2]+ [4934[2]]]] [5508 [5334 [5321] [5411[2]]] [5571 [5538] [5637]]]]]]] [7694- [6934 [6405 [6266+ [6135- [6138[2]]] [6270]] [6683[2] [6578 [6496] [6653]] [6819[3] [6773[4]] [6850]]]] [7350[2] [7294 [7013- [7255]] [7332[2]+ [7299[2]]]] [7465 [7420- [7422]] [7562- [7600[2]]]]]] [8888+ [8420[3]+ [8060[2]- [8028 [7988] [8055]] [8178+ [8105 [8098] [8158]] [8233[3]]]] [8682[2] [8595 [8448[2]] [8625]] [8853[3]+ [8703[2]]]]] [9369+ [9175 [8974+ [8900]] [9213+ [9179[4]]]] [9682 [9508[3]] [9846[2]]]]]]]
size is 136
Duplicates: 53
Nodes: 136
Minimum depth: 5
Maximum depth: 8
