size is 6296
AVL:
0: 4144-(4144-)X
1: 1855(4144-)L 6478(4144-)R
2: 1210(1855)L 3227[2](1855)R 5676+(6478)L 8235[3](6478)R
3: 638(1210)L 1394[2]-(1210)R 2449[4]-(3227[2])L 3539[2](3227[2])R 5117+(5676+)L 5826(5676+)R 7152[3](8235[3])L 9360(8235[3])R
4: 383+(638)L 998+(638)R 1265[2](1394[2]-)L 1713(1394[2]-)R 2084(2449[4]-)L 2800(2449[4]-)R 3439(3539[2])L 3703-(3539[2])R 4594(5117+)L 5274+(5117+)R 5740-(5826)L 6136[3](5826)R 6967(7152[3])L 7474[2]-(7152[3])R 8794(9360)L 9539(9360)R
5: 209-(383+)L =416[2](383+)R 762[3]-(998+)L =1179[2](998+)R =1231(1265[2])L =1360(1265[2])R 1435-(1713)L 1744-(1713)R =1895(2084)L =2211(2084)R 2482-(2800)L 3017(2800)R 3353[2](3439)L 3463+(3439)R =3578[3](3703-)L 3850[2](3703-)R 4391(4594)L 4725(4594)R 5154[4]-(5274+)L =5336(5274+)R =5688(5740-)L 5797+(5740-)R 5832(6136[3])L 6190[2]-(6136[3])R 6830[2]+(6967)L 7056+(6967)R 7354[2](7474[2]-)L 7766[2](7474[2]-)R 8415[2](8794)L 8902[4](8794)R 9514-(9539)L 9834(9539)R
6: =217[3](209-)R =787(762[3]-)R =1552(1435-)R =1755(1744-)R =2495(2482-)R =2878(3017)L =3028[5](3017)R =3308(3353[2])L =3371(3353[2])R =3445(3463+)L =3799(3850[2])L =4133(3850[2])R 4241[2](4391)L 4436[2]-(4391)R 4656-(4725)L 4970+(4725)R =5166(5154[4]-)R =5748(5797+)L =5830(5832)L =6008(5832)R =6261[2](6190[2]-)R 6576[2](6830[2]+)L =6865(6830[2]+)R 6977-(7056+)L =7088[2](7056+)R =7290(7354[2])L =7445(7354[2])R 7727+(7766[2])L 7903(7766[2])R 8335(8415[2])L 8520(8415[2])R 8849-(8902[4])L 8977[2](8902[4])R =9422(9514-)L 9536+(9514-)R 9600[2]+(9834)L 9918-(9834)R
7: =4208(4241[2])L =4290(4241[2])R =4533[2](4436[2]-)R =4658[3](4656-)R =4824(4970+)L =6531(6576[2])L =6611[2](6576[2])R =6994(6977-)R =7574[2](7727+)L =7788[3](7903)L =8020(7903)R =8275(8335)L =8372(8335)R =8517[2](8520)L =8629[3](8520)R =8865[2](8849-)R =8931(8977[2])L =8990(8977[2])R =9516[2](9536+)L =9553(9600[2]+)L =9975(9918-)R
debug: [4144- [1855 [1210 [638 [383+ [209- [217[3]]] [416[2]]] [998+ [762[3]- [787]] [1179[2]]]] [1394[2]- [1265[2] [1231] [1360]] [1713 [1435- [1552]] [1744- [1755]]]]] [3227[2] [2449[4]- [2084 [1895] [2211]] [2800 [2482- [2495]] [3017 [2878] [3028[5]]]]] [3539[2] [3439 [3353[2] [3308] [3371]] [3463+ [3445]]] [3703- [3578[3]] [3850[2] [3799] [4133]]]]]] [6478 [5676+ [5117+ [4594 [4391 [4241[2] [4208] [4290]] [4436[2]- [4533[2]]]] [4725 [4656- [4658[3]]] [4970+ [4824]]]] [5274+ [5154[4]- [5166]] [5336]]] [5826 [5740- [5688] [5797+ [5748]]] [6136[3] [5832 [5830] [6008]] [6190[2]- [6261[2]]]]]] [8235[3] [7152[3] [6967 [6830[2]+ [6576[2] [6531] [6611[2]]] [6865]] [7056+ [6977- [6994]] [7088[2]]]] [7474[2]- [7354[2] [7290] [7445]] [7766[2] [7727+ [7574[2]]] [7903 [7788[3]] [8020]]]]] [9360 [8794 [8415[2] [8335 [8275] [8372]] [8520 [8517[2]] [8629[3]]]] [8902[4] [8849- [8865[2]]] [8977[2] [8931] [8990]]]] [9539 [9514- [9422] [9536+ [9516[2]]]] [9834 [9600[2]+ [9553]] [9918- [9975]]]]]]]]
size is 121
Duplicates: 58
Nodes: 121
Minimum depth: 5
Maximum depth: 7
