size is 6367
AVL:
0: 5450[4](5450[4])X
1: 2933(5450[4])L 7621+(5450[4])R
2: 1548(2933)L 4333[3]-(2933)R 6643[2]-(7621+)L 9129(7621+)R
3: 864+(1548)L 2207[2]-(1548)R 3627[2](4333[3]-)L 4875(4333[3]-)R 6029(6643[2]-)L 7069-(6643[2]-)R 8763(9129)L 9676[2](9129)R
4: 385(864+)L 1018(864+)R 2058[2]-(2207[2]-)L 2539+(2207[2]-)R 3264[3](3627[2])L 4086[2](3627[2])R 4422-(4875)L 5091-(4875)R 5618(6029)L 6307(6029)R 6883(7069-)L 7304[2](7069-)R 8320[3](8763)L 8980+(8763)R 9471+(9676[2])L 9882-(9676[2])R
5: 141[2]-(385)L 514+(385)R 910-(1018)L 1379+(1018)R =1752(2058[2]-)L 2121(2058[2]-)R 2403[5](2539+)L 2633(2539+)R 2956(3264[3])L 3390(3264[3])R 3821[3](4086[2])L 4173-(4086[2])R 4362-(4422-)L 4683+(4422-)R 4913-(5091-)L 5300+(5091-)R 5572(5618)L 5820(5618)R 6123(6307)L 6426[2]+(6307)R 6816(6883)L 6897[2]-(6883)R 7160(7304[2])L 7557-(7304[2])R 7906(8320[3])L 8510+(8320[3])R 8843[3]-(8980+)L =9075(8980+)R 9309(9471+)L =9527[2](9471+)R =9708(9882-)L 9950+(9882-)R
6: =100(141[2]-)L 238+(141[2]-)R 468-(514+)L =682(514+)R =927[2](910-)R =1056[2](1379+)L =2066(2121)L =2141(2121)R 2219[2]+(2403[5])L 2430[2]+(2403[5])R =2573(2633)L =2739[3](2633)R =2946(2956)L =2964(2956)R =3289(3390)L =3404[2](3390)R =3732[2](3821[3])L =3822(3821[3])R =4191(4173-)R =4406(4362-)R 4476-(4683+)L =4845(4683+)R =4980(4913-)R 5230+(5300+)L =5360(5300+)R =5524[2](5572)L =5610(5572)R =5784(5820)L =5862(5820)R =6060(6123)L =6236[2](6123)R =6344[2](6426[2]+)L =6806[3](6816)L =6830[2](6816)R =7019[2](6897[2]-)R 7122[2](7160)L 7176(7160)R =7310(7557-)L 7583-(7557-)R =7630(7906)L =8146[2](7906)R =8326(8510+)L =8847(8843[3]-)R =9281(9309)L =9368(9309)R =9933(9950+)L
7: =205(238+)L =474(468-)R =2214(2219[2]+)L =2404(2430[2]+)L =4571(4476-)R =5115[2](5230+)L =7111[2](7122[2])L =7129[2](7122[2])R =7172(7176)L =7208[3](7176)R =7594(7583-)R
debug: [5450[4] [2933 [1548 [864+ [385 [141[2]- [100] [238+ [205]]] [514+ [468- [474]] [682]]] [1018 [910- [927[2]]] [1379+ [1056[2]]]]] [2207[2]- [2058[2]- [1752] [2121 [2066] [2141]]] [2539+ [2403[5] [2219[2]+ [2214]] [2430[2]+ [2404]]] [2633 [2573] [2739[3]]]]]] [4333[3]- [3627[2] [3264[3] [2956 [2946] [2964]] [3390 [3289] [3404[2]]]] [4086[2] [3821[3] [3732[2]] [3822]] [4173- [4191]]]] [4875 [4422- [4362- [4406]] [4683+ [4476- [4571]] [4845]]] [5091- [4913- [4980]] [5300+ [5230+ [5115[2]]] [5360]]]]]] [7621+ [6643[2]- [6029 [5618 [5572 [5524[2]] [5610]] [5820 [5784] [5862]]] [6307 [6123 [6060] [6236[2]]] [6426[2]+ [6344[2]]]]] [7069- [6883 [6816 [6806[3]] [6830[2]]] [6897[2]- [7019[2]]]] [7304[2] [7160 [7122[2] [7111[2]] [7129[2]]] [7176 [7172] [7208[3]]]] [7557- [7310] [7583- [7594]]]]]] [9129 [8763 [8320[3] [7906 [7630] [8146[2]]] [8510+ [8326]]] [8980+ [8843[3]- [8847]] [9075]]] [9676[2] [9471+ [9309 [9281] [9368]] [9527[2]]] [9882- [9708] [9950+ [9933]]]]]]]
size is 120
Duplicates: 50
Nodes: 120
Minimum depth: 5
Maximum depth: 7
