AVL:
0: 82[5]+(82[5]+)X
1: 30[3]-(82[5]+)L 118[2](82[5]+)R
2: 18[2](30[3]-)L 55[2](30[3]-)R 99[2](118[2])L 144[2](118[2])R
3: 11-(18[2])L 24[3](18[2])R 42(55[2])L 73+(55[2])R 89-(99[2])L 108(99[2])R 134(144[2])L 152[2](144[2])R
4: 4(11-)L 15+(11-)R 21-(24[3])L 27-(24[3])R 34-(42)L 48[2]-(42)R 63[3](73+)L 78[4](73+)R 86[4](89-)L 93[3](89-)R 104+(108)L 114(108)R 129[2](134)L 141(134)R 148[2]+(152[2])L 155(152[2])R
5: =0(4)L =7(4)R 12[2]-(15+)L =16(15+)R =20[2](21-)L 23[2]+(21-)R =25(27-)L 29[2]+(27-)R 32(34-)L 39+(34-)R 46[2]+(48[2]-)L 51(48[2]-)R 59[2]-(63[3])L 69+(63[3])R 76[2](78[4])L 80(78[4])R =85(86[4])L =87(86[4])R 91(93[3])L 94[2]-(93[3])R 102-(104+)L =106(104+)R 113[4]+(114)L 116[3]+(114)R 123(129[2])L 133[3]+(129[2])R 138[2]+(141)L 143+(141)R 145[2]-(148[2]+)L =149[3](148[2]+)R 153-(155)L 157[4](155)R
6: =14(12[2]-)R =22(23[2]+)L =28(29[2]+)L =31[2](32)L =33(32)R 35-(39+)L =41(39+)R =45(46[2]+)L 50+(51)L 53[2]-(51)R =58(59[2]-)L 61+(59[2]-)R 65[3]-(69+)L =70(69+)R =75(76[2])L =77[2](76[2])R =79(80)L =81[2](80)R =90[2](91)L =92(91)R =98(94[2]-)R =103[2](102-)R =112(113[4]+)L =115(116[3]+)L =120(123)L =127(123)R =132(133[3]+)L =135(138[2]+)L =142[2](143+)L =147[2](145[2]-)R =154(153-)R =156(157[4])L =159[2](157[4])R
7: =36(35-)R =49(50+)L =54(53[2]-)R =60(61+)L =68(65[3]-)R
debug: [82[5]+ [30[3]- [18[2] [11- [4 [0] [7]] [15+ [12[2]- [14]] [16]]] [24[3] [21- [20[2]] [23[2]+ [22]]] [27- [25] [29[2]+ [28]]]]] [55[2] [42 [34- [32 [31[2]] [33]] [39+ [35- [36]] [41]]] [48[2]- [46[2]+ [45]] [51 [50+ [49]] [53[2]- [54]]]]] [73+ [63[3] [59[2]- [58] [61+ [60]]] [69+ [65[3]- [68]] [70]]] [78[4] [76[2] [75] [77[2]]] [80 [79] [81[2]]]]]]] [118[2] [99[2] [89- [86[4] [85] [87]] [93[3] [91 [90[2]] [92]] [94[2]- [98]]]] [108 [104+ [102- [103[2]]] [106]] [114 [113[4]+ [112]] [116[3]+ [115]]]]] [144[2] [134 [129[2] [123 [120] [127]] [133[3]+ [132]]] [141 [138[2]+ [135]] [143+ [142[2]]]]] [152[2] [148[2]+ [145[2]- [147[2]]] [149[3]]] [155 [153- [154]] [157[4] [156] [159[2]]]]]]]]
size is 101
AVL:
0: 82[4]-(82[4]-)X
1: 59[2](82[4]-)L 118[2]-(82[4]-)R
2: 30[3]-(59[2])L 73-(59[2])R 99(118[2]-)L 144[2](118[2]-)R
3: 12(30[3]-)L 45(30[3]-)R 63[2]-(73-)L 78[3]-(73-)R 90[2]+(99)L 108-(99)R 138+(144[2])L 152+(144[2])R
4: =0(12)L =18(12)R 39+(45)L 48[2](45)R =65[3](63[2]-)R =77[2](78[3]-)L 80(78[3]-)R 86[3](90[2]+)L =93[3](90[2]+)R =106(108-)L 116[2]+(108-)R 129[2]+(138+)L 142(138+)R 148+(152+)L 157[2](152+)R
5: =31(39+)L =46(48[2])L =50(48[2])R =79(80)L =81[2](80)R =85(86[3])L =87(86[3])R =113[4](116[2]+)L 123+(129[2]+)L =133(129[2]+)R =141(142)L =143(142)R 145[2]-(148+)L =149(148+)R =154(157[2])L =159[2](157[2])R
6: =120(123+)L =147[2](145[2]-)R
debug: [82[4]- [59[2] [30[3]- [12 [0] [18]] [45 [39+ [31]] [48[2] [46] [50]]]] [73- [63[2]- [65[3]]] [78[3]- [77[2]] [80 [79] [81[2]]]]]] [118[2]- [99 [90[2]+ [86[3] [85] [87]] [93[3]]] [108- [106] [116[2]+ [113[4]]]]] [144[2] [138+ [129[2]+ [123+ [120]] [133]] [142 [141] [143]]] [152+ [148+ [145[2]- [147[2]]] [149]] [157[2] [154] [159[2]]]]]]]
size is 48
Duplicates: 30
Nodes: 48
Minimum depth: 3
Maximum depth: 6
