AVL:
0: 93+(93+)X
1: 51(93+)L 120[3](93+)R
2: 34+(51)L 75+(51)R 109[2](120[3])L 142[2](120[3])R
3: 15[2](34+)L 40[2](34+)R 62[3](75+)L 84(75+)R 100[2](109[2])L 113[2]-(109[2])R 130[2](142[2])L 152+(142[2])R
4: 7-(15[2])L 28[2](15[2])R 36[2]-(40[2])L 47[3](40[2])R 56[2]+(62[3])L 67[2]-(62[3])R 79[2](84)L 88(84)R 97[2]-(100[2])L 103+(100[2])R 111(113[2]-)L 118+(113[2]-)R 127+(130[2])L 136[2](130[2])R 148+(152+)L 154[2]+(152+)R
5: 3(7-)L 13+(7-)R 20(28[2])L 30-(28[2])R =35[2](36[2]-)L 39+(36[2]-)R 43[2](47[3])L 49[2](47[3])R 53-(56[2]+)L 57[2]-(56[2]+)R 64(67[2]-)L 73+(67[2]-)R 78[2]+(79[2])L 82+(79[2])R 86(88)L 91(88)R =94(97[2]-)L 98[2]-(97[2]-)R 101-(103+)L =107(103+)R =110(111)L =112[3](111)R 114[2]-(118+)L =119(118+)R 124[2](127+)L =129[2](127+)R 132(136[2])L 138(136[2])R 143[2]-(148+)L =149(148+)R =153(154[2]+)L
6: =0[3](3)L =6(3)R 11+(13+)L =14(13+)R 16[2]-(20)L 21-(20)R =29(30-)L 31[2]-(30-)R =37(39+)L =42[2](43[2])L =44[2](43[2])R =48[2](49[2])L =50(49[2])R =52[2](53-)L 55[2]+(53-)R =60(57[2]-)R =63[2](64)L =65(64)R 68-(73+)L =74(73+)R =77(78[2]+)L =80[2](82+)L =85(86)L =87(86)R =90(91)L =92(91)R =99(98[2]-)R =102(101-)R =117(114[2]-)R =123(124[2])L =126(124[2])R =131[3](132)L =133[4](132)R =137[2](138)L =141[2](138)R =146(143[2]-)R
7: =10(11+)L =18(16[2]-)R =24(21-)R =33(31[2]-)R =54(55[2]+)L =71(68-)R
debug: [93+ [51 [34+ [15[2] [7- [3 [0[3]] [6]] [13+ [11+ [10]] [14]]] [28[2] [20 [16[2]- [18]] [21- [24]]] [30- [29] [31[2]- [33]]]]] [40[2] [36[2]- [35[2]] [39+ [37]]] [47[3] [43[2] [42[2]] [44[2]]] [49[2] [48[2]] [50]]]]] [75+ [62[3] [56[2]+ [53- [52[2]] [55[2]+ [54]]] [57[2]- [60]]] [67[2]- [64 [63[2]] [65]] [73+ [68- [71]] [74]]]] [84 [79[2] [78[2]+ [77]] [82+ [80[2]]]] [88 [86 [85] [87]] [91 [90] [92]]]]]] [120[3] [109[2] [100[2] [97[2]- [94] [98[2]- [99]]] [103+ [101- [102]] [107]]] [113[2]- [111 [110] [112[3]]] [118+ [114[2]- [117]] [119]]]] [142[2] [130[2] [127+ [124[2] [123] [126]] [129[2]]] [136[2] [132 [131[3]] [133[4]]] [138 [137[2]] [141[2]]]]] [152+ [148+ [143[2]- [146]] [149]] [154[2]+ [153]]]]]]
size is 104
AVL:
0: 93+(93+)X
1: 53(93+)L 120[2](93+)R
2: 35+(53)L 78+(53)R 109(120[2])L 136(120[2])R
3: 15+(35+)L 47[2](35+)R 62[3]-(78+)L 85+(78+)R 100+(109)L 113[2](109)R 130[2](136)L 142[2]-(136)R
4: 11+(15+)L 28(15+)R 40[2](47[2])L 49[2](47[2])R 56[2](62[3]-)L 67[2]+(62[3]-)R 79[2]-(85+)L =91(85+)R 97[2]-(100+)L =101(100+)R 112[3]+(113[2])L 117(113[2])R 126(130[2])L 133[3]+(130[2])R =141[2](142[2]-)L 153+(142[2]-)R
5: 3+(11+)L =14(11+)R =21(28)L =31[2](28)R =36[2](40[2])L =44[2](40[2])R =48(49[2])L =50(49[2])R =55[2](56[2])L =60(56[2])R 64-(67[2]+)L =73(67[2]+)R =80[2](79[2]-)R =98(97[2]-)R =110(112[3]+)L =114[2](117)L =118(117)R =124[2](126)L =129[2](126)R =131[3](133[3]+)L =148(153+)L
6: =0[2](3+)L =65(64-)R
debug: [93+ [53 [35+ [15+ [11+ [3+ [0[2]]] [14]] [28 [21] [31[2]]]] [47[2] [40[2] [36[2]] [44[2]]] [49[2] [48] [50]]]] [78+ [62[3]- [56[2] [55[2]] [60]] [67[2]+ [64- [65]] [73]]] [85+ [79[2]- [80[2]]] [91]]]] [120[2] [109 [100+ [97[2]- [98]] [101]] [113[2] [112[3]+ [110]] [117 [114[2]] [118]]]] [136 [130[2] [126 [124[2]] [129[2]]] [133[3]+ [131[3]]]] [142[2]- [141[2]] [153+ [148]]]]]]
size is 54
Duplicates: 29
Nodes: 54
Minimum depth: 4
Maximum depth: 6
