AVL:
0: 6-(6-)X
1: 4(6-)L 10[2](6-)R
2: =2[2](4)L =5(4)R 8[3](10[2])L 13(10[2])R
3: =7(8[3])L =9[2](8[3])R =12(13)L =14(13)R
debug: [6- [4 [2[2]] [5]] [10[2] [8[3] [7] [9[2]]] [13 [12] [14]]]]
size is 11
AVL:
0: 6(6)X
1: 5+(6)L 10(6)R
2: =2[2](5+)L =8(10)L =14(10)R
debug: [6 [5+ [2[2]]] [10 [8] [14]]]
size is 6
Duplicates: 1
Nodes: 6
Minimum depth: 1
Maximum depth: 2
