size is 6326
pre-order: [1709 [41 [1020 [443 [133 [85] [285 [201 [196]] [321 [361 [371]]]]] [817 [690 [626 [512 [522]]]]]] [1559 [1194 [1079 [1088]] [1367 [1281 [1213 [1206]]]]]]]] [4725 [2428 [2129 [1958 [1715] [2045 [1995]]] [2332 [2310 [2317 [2324]]]]] [2861 [2628 [2495]] [3891 [2912 [3679 [3093 [2950 [2931]] [3271 [3154] [3275]]] [3844 [3688]]]] [4332 [3908 [4128 [3995] [4301 [4210]]]] [4494 [4364 [4340]] [4673 [4499 [4591]] [4719 [4693 [4695]]]]]]]]] [6332 [5164 [4778] [5288 [5346 [5968 [5830 [5628 [5486 [5431 [5364]]] [5681]] [5874]] [6100 [5984] [6196]]]]]] [9468 [8490 [7294 [7092 [6920 [6834 [6723 [6490 [6401 [6337]] [6564 [6512] [6579 [6691]]]] [6794 [6742 [6744]]]]]] [7158 [7170]]] [8396 [8053 [7852 [7799 [7515 [7771 [7665 [7551]]]]] [7886 [7857]]]] [8456]]] [8892 [8778 [8539 [8635 [8650 [8715 [8680 [8701]]]]]]] [9062 [8904 [9001]] [9240 [9143 [9131]] [9297 [9350 [9326 [9316]]]]]]]] [9671 [9488] [9929 [9820 [9739 [9691]]] [9936]]]]]]]
level: 1709
41 4725
1020 2428 6332
443 1559 2129 2861 5164 9468
133 817 1194 1958 2332 2628 3891 4778 5288 8490 9671
85 285 690 1079 1367 1715 2045 2310 2495 2912 4332 5346 7294 8892 9488 9929
201 321 626 1088 1281 1995 2317 3679 3908 4494 5968 7092 8396 8778 9062 9820 9936
196 361 512 1213 2324 3093 3844 4128 4364 4673 5830 6100 6920 7158 8053 8456 8539 8904 9240 9739
371 522 1206 2950 3271 3688 3995 4301 4340 4499 4719 5628 5874 5984 6196 6834 7170 7852 8635 9001 9143 9297 9691
2931 3154 3275 4210 4591 4693 5486 5681 6723 7799 7886 8650 9131 9350
4695 5431 6490 6794 7515 7857 8715 9326
5364 6401 6564 6742 7771 8680 9316
6337 6512 6579 6744 7665 8701
6691 7551
size is 136
Nodes: 136
Minimum depth: 1
Maximum depth: 13
