pre-order: [a3 [a2]]
level: a3
a2
is a2 present? yes
pre-order: [a2]
level: a2
is a2 present? yes
pre-order: []
level: is a2 present? no
size: 0
Nodes: 0
Minimum depth: -1
Maximum depth: -1
