pre-order: [7 [0 [2 [6 [4 [3]]]]] [11 [8 [9]] [12]]]
level: 7
0 11
2 8 12
6 9
4
3
size is 10
pre-order: [7 [4] [11 [9]]]
level: 7
4 11
9
size is 4
Nodes: 4
Minimum depth: 1
Maximum depth: 2
