size is 6354
pre-order: [2514 [956 [759 [308 [244 [163 [12]]] [531 [480 [468 [310]]]]] [930 [868] [952]]] [1909 [1442 [1323 [1260 [1085 [1022] [1166]]]] [1788 [1812]]] [2258 [1956 [2221 [2042 [2151 [2082 [2059]]]] [2222]]]]]] [6520 [3468 [2662 [2556] [3302 [3259 [3150 [3062 [2907 [2996 [2929]]] [3132]]]]]] [5957 [4106 [3866 [3749 [3684 [3491]]]] [5192 [4998 [4546 [4303 [4230 [4161 [4181]] [4236]] [4410 [4382 [4328] [4396]]]] [4741 [4585 [4589 [4614 [4622]]]] [4797 [4801]]]] [5004 [5038]]] [5494 [5197 [5366 [5237 [5220]] [5369 [5373 [5460 [5449 [5396 [5381]]]]]]]] [5525 [5639 [5571 [5531]] [5668 [5658]]]]]]] [6189 [6456]]]] [9798 [9367 [8304 [8138 [7957 [6627 [7349 [6852 [6774 [6648]] [7143 [6979 [7089]] [7294 [7276 [7202] [7290]] [7309]]]] [7675 [7541 [7397]]]]]]] [8747 [8380 [8330] [8496 [8461] [8608 [8578]]]] [8762 [8862 [8790] [9152 [9043 [8888 [8959 [9033]]] [9100 [9047]]]]]]]]]]]]
level: 2514
956 6520
759 1909 3468 9798
308 930 1442 2258 2662 5957 9367
244 531 868 952 1323 1788 1956 2556 3302 4106 6189 8304
163 480 1260 1812 2221 3259 3866 5192 6456 8138 8747
12 468 1085 2042 2222 3150 3749 4998 5494 7957 8380 8762
310 1022 1166 2151 3062 3684 4546 5004 5197 5525 6627 8330 8496 8862
2082 2907 3132 3491 4303 4741 5038 5366 5639 7349 8461 8608 8790 9152
2059 2996 4230 4410 4585 4797 5237 5369 5571 5668 6852 7675 8578 9043
2929 4161 4236 4382 4589 4801 5220 5373 5531 5658 6774 7143 7541 8888 9100
4181 4328 4396 4614 5460 6648 6979 7294 7397 8959 9047
4622 5449 7089 7276 7309 9033
5396 7202 7290
5381
size is 127
Nodes: 127
Minimum depth: 2
Maximum depth: 14
