size is 6323
pre-order: [633 [177 [46] [479 [203 [199]]]] [3122 [1498 [894 [806 [685 [724]] [840 [833]]]] [2773 [2606 [2155 [1577 [1612 [1809 [1643] [1903 [1957]]]]] [2277 [2278]]] [2684 [2721]]]]] [5991 [4939 [3296 [4707 [4278 [4031 [3504 [3912 [3827 [3519 [3751 [3632 [3559]] [3787 [3773]]]]]]] [4195 [4215]]] [4361 [4592 [4422 [4540 [4542]]] [4668 [4595]]]]] [4855 [4835]]]] [5609 [5204 [5299 [5315 [5357 [5316 [5327]]]]]] [5773 [5820]]]] [7866 [7113 [6831 [6490 [6223 [6027]] [6586 [6524]]] [7028 [6861]]] [7127 [7297 [7254 [7210]]]]] [9082 [8140 [7979] [8765 [8440 [8209 [8352]] [8652 [8500] [8677 [8695 [8718 [8727]]]]]] [8970]]] [9360 [9238 [9182 [9108] [9195]] [9293 [9333]]] [9852 [9394 [9377] [9520 [9671]]]]]]]]]]
level: 633
177 3122
46 479 1498 5991
203 894 2773 4939 7866
199 806 2606 3296 5609 7113 9082
685 840 2155 2684 4707 5204 5773 6831 7127 8140 9360
724 833 1577 2277 2721 4278 4855 5299 5820 6490 7028 7297 7979 8765 9238 9852
1612 2278 4031 4361 4835 5315 6223 6586 6861 7254 8440 8970 9182 9293 9394
1809 3504 4195 4592 5357 6027 6524 7210 8209 8652 9108 9195 9333 9377 9520
1643 1903 3912 4215 4422 4668 5316 8352 8500 8677 9671
1957 3827 4540 4595 5327 8695
3519 4542 8718
3751 8727
3632 3787
3559 3773
size is 102
Nodes: 102
Minimum depth: 2
Maximum depth: 14
