size is 6286
pre-order: [5634 [4309 [2555 [1231 [48 [153 [78] [235 [1051 [818 [408 [282 [319]] [482 [464]]] [955 [837 [840]] [956]]] [1069 [1176]]]]]] [1742 [1312 [1395 [1609 [1436 [1466 [1561 [1530]]]]]]] [2051 [1828 [1987 [1933 [1923 [1881 [1904]]]]]]]]] [2562 [3243 [2850 [2710]] [3833 [3254 [3499 [3502 [3569 [3823]]]]]]]]] [4599 [4529 [4351 [4424]]] [4738 [4900 [4754] [5017 [4968] [5355 [5308 [5147 [5082] [5214 [5169]]] [5322]] [5495 [5468 [5406 [5388]]]]]]]]]] [9520 [6002 [5652 [5774 [5781]]] [6137 [6003] [9252 [8871 [7498 [6595 [6411 [6231] [6484 [6546 [6511]]]] [7034 [6762 [6780 [6801]]] [7163 [7407 [7217 [7205] [7287 [7221] [7305]]]]]]] [8489 [7788 [7746 [7531]] [8196 [7867 [7975]] [8467]]]]] [8935]]]]] [9845 [9620 [9675]]]]]
level: 5634
4309 9520
2555 4599 6002 9845
1231 2562 4529 4738 5652 6137 9620
48 1742 3243 4351 4900 5774 6003 9252 9675
153 1312 2051 2850 3833 4424 4754 5017 5781 8871
78 235 1395 1828 2710 3254 4968 5355 7498 8935
1051 1609 1987 3499 5308 5495 6595 8489
818 1069 1436 1933 3502 5147 5322 5468 6411 7034 7788
408 955 1176 1466 1923 3569 5082 5214 5406 6231 6484 6762 7163 7746 8196
282 482 837 956 1561 1881 3823 5169 5388 6546 6780 7407 7531 7867 8467
319 464 840 1530 1904 6511 6801 7217 7975
7205 7287
7221 7305
size is 105
Nodes: 105
Minimum depth: 2
Maximum depth: 13
