pre-order: [2 [7 [6 [4 [5]]] [10 [8 [9]] [12 [14 [13]]]]]]
level: 2
7
6 10
4 8 12
5 9 14
13
size is 11
pre-order: [2 [14 [6 [5]]]]
level: 2
14
6
5
size is 4
Nodes: 4
Minimum depth: 0
Maximum depth: 3
