pre-order: [120 [0 [28 [20 [3 [15 [7 [6] [11 [10] [14 [13]]]] [16 [18]]]] [21 [24]]] [93 [51 [34 [30 [29] [31 [33]]] [49 [44 [35 [40 [39 [36 [37]]] [42 [43]]]] [47 [48]]] [50]]] [75 [63 [52 [62 [57 [53 [56 [55 [54]]]] [60]]]] [74 [67 [65 [64]] [68 [73 [71]]]]]] [79 [78 [77]] [86 [84 [82 [80]] [85]] [92 [88 [87] [91 [90]]]]]]]] [109 [97 [94] [100 [98 [99]] [107 [101 [103 [102]]]]]] [113 [112 [111 [110]]] [114 [119 [118 [117]]]]]]]]] [127 [124 [123] [126]] [136 [133 [131 [130 [129]] [132]]] [148 [143 [141 [137 [138]] [142]] [146]] [154 [149 [152 [153]]]]]]]]
level: 120
0 127
28 124 136
20 93 123 126 133 148
3 21 51 109 131 143 154
15 24 34 75 97 113 130 132 141 146 149
7 16 30 49 63 79 94 100 112 114 129 137 142 152
6 11 18 29 31 44 50 52 74 78 86 98 107 111 119 138 153
10 14 33 35 47 62 67 77 84 92 99 101 110 118
13 40 48 57 65 68 82 85 88 103 117
39 42 53 60 64 73 80 87 91 102
36 43 56 71 90
37 55
54
size is 104
pre-order: [124 [3 [31 [21 [11 [14]]] [93 [53 [36 [49 [44 [40]] [50]]] [79 [64 [55 [62 [60 [56]]]] [73 [67 [65]]]] [80 [91 [85]]]]] [110 [97 [101]] [113 [112] [114 [118 [117]]]]]]]] [129 [126] [141 [131 [130]] [148 [142] [153]]]]]
level: 124
3 129
31 126 141
21 93 131 148
11 53 110 130 142 153
14 36 79 97 113
49 64 80 101 112 114
44 50 55 73 91 118
40 62 67 85 117
60 65
56
size is 41
Nodes: 41
Minimum depth: 1
Maximum depth: 10
