size is 6342
pre-order: [6138 [250 [20 [5]] [4139 [3117 [1342 [405 [259 [336 [339]]] [1135 [845 [618 [567]] [920 [846 [876]] [1016 [933] [1023]]]] [1294 [1163]]]] [2195 [1470 [1534 [1807 [1638 [1591]] [1878 [2056 [1973 [1960] [2047]]]]]]] [3030 [2236 [2910 [2412 [2356] [2848 [2553 [2539 [2485]] [2707 [2608] [2790 [2739 [2708]]]]]]]]]]]] [3763 [3360 [3183 [3182]] [3704 [3642]]]]] [4552 [4317 [4215] [4369 [4443]]] [5459 [4878 [4566 [4765 [4627 [4606 [4593]]]]] [5125]] [5704 [5508 [5571]]]]]]] [7596 [6353 [6150] [6885 [6773 [6494 [6496 [6653 [6562 [6558]]]]] [6819 [6820]]] [7350 [7013 [7021 [7255 [7038 [7203]] [7256]]]]]]] [7795 [9841 [9508 [9433 [9315 [8913 [8842 [8433 [8257 [7879 [8060 [7933 [8018]] [8199 [8178 [8066]] [8240]]]] [8324]] [8595 [8703 [8640 [8682]]]]] [8853]] [9213 [9240 [9275]]]]]]] [9947 [9866 [9889]] [9982]]]]]]
level: 6138
250 7596
20 4139 6353 7795
5 3117 4552 6150 6885 9841
1342 3763 4317 5459 6773 7350 9508 9947
405 2195 3360 4215 4369 4878 5704 6494 6819 7013 9433 9866 9982
259 1135 1470 3030 3183 3704 4443 4566 5125 5508 6496 6820 7021 9315 9889
336 845 1294 1534 2236 3182 3642 4765 5571 6653 7255 8913
339 618 920 1163 1807 2910 4627 6562 7038 7256 8842 9213
567 846 1016 1638 1878 2412 4606 6558 7203 8433 8853 9240
876 933 1023 1591 2056 2356 2848 4593 8257 8595 9275
1973 2553 7879 8324 8703
1960 2047 2539 2707 8060 8640
2485 2608 2790 7933 8199 8682
2739 8018 8178 8240
2708 8066
size is 119
Nodes: 119
Minimum depth: 2
Maximum depth: 15
