pre-order: [10 [1 [0] [7 [6 [4]] [8]]] [14 [13]]]
level: 10
1 14
0 7 13
6 8
4
size is 9
Nodes: 9
Minimum depth: 1
Maximum depth: 4
