pre-order: [153 [20 [18 [10 [3 [2] [6 [5]]] [11 [15 [14 [13]]]]] [19]] [95 [74 [70 [32 [28 [23 [22 [21]] [27 [25]]] [30 [31]]] [65 [44 [33 [43 [41 [36 [40 [38]]] [42]]]] [50 [45] [59 [52 [58]] [63 [64]]]]] [67]]] [72]] [76 [75] [87 [79 [78 [77]] [80 [83]]] [93 [89 [92 [91]]]]]]] [113 [108 [98 [100 [99] [107 [102 [101] [104 [106 [105]]]]]]] [109 [111]]] [137 [115 [117 [116] [131 [130 [120 [119] [126 [121 [122 [125 [124]]]] [128 [129]]]]] [136 [135 [132]]]]]] [146 [142 [141] [144 [143]]] [150 [147] [151 [152]]]]]]]] [188 [154 [158 [155 [157]] [162 [159 [160]] [175 [169 [163 [166 [167 [168]]]] [173 [171 [172]] [174]]] [185 [177 [178 [181 [180]]]] [187]]]]]]]]
level: 153
20 188
18 95 154
10 19 74 113 158
3 11 70 76 108 137 155 162
2 6 15 32 72 75 87 98 109 115 146 157 159 175
5 14 28 65 79 93 100 111 117 142 150 160 169 185
13 23 30 44 67 78 80 89 99 107 116 131 141 144 147 151 163 173 177 187
22 27 31 33 50 77 83 92 102 130 136 143 152 166 171 174 178
21 25 43 45 59 91 101 104 120 135 167 172 181
41 52 63 106 119 126 132 168 180
36 42 58 64 105 121 128
40 122 129
38 125
124
size is 119
Nodes: 119
Minimum depth: 1
Maximum depth: 14
