GST:
0: 0(0)X
1: 7(0)R
2: 6(7)L 9(7)R
3: 4(6)L =8(9)L 11(9)R
4: =3(4)L =5(4)R =14(11)R
debug: [0 [7 [6 [4 [3] [5]]] [9 [8] [11 [14]]]]]
size is 10
Duplicates: 0
Nodes: 10
Minimum depth: 0
Maximum depth: 4
