GST:
0: 76(76)X
1: 60(76)L 98(76)R
2: 2(60)L 67(60)R 90(98)L 99(98)R
3: 29(2)R 64(67)L 68(67)R 83(90)L 96(90)R =100(99)R
4: 3(29)L 34(29)R =62(64)L =66(64)R 71(68)R 80(83)L 85(83)R 94(96)L
5: 17(3)R 32(34)L 41(34)R 70(71)L 75(71)R =79(80)L =82(80)R 86(85)R =91(94)L
6: 15(17)L 24(17)R =30(32)L =33(32)R 37(41)L 58(41)R =69(70)L 72(75)L =88(86)R
7: 6(15)L 22(24)L 27(24)R =36(37)L 49(58)L =74(72)R
8: =5(6)L 9(6)R 18(22)L =28(27)R 48(49)L 51(49)R
9: =8(9)L 21(18)R 46(48)L 53(51)R
10: =20(21)L 44(46)L =52(53)L 54(53)R
11: 43(44)L 55(54)R
12: =42(43)L =56(55)R
debug: [76 [60 [2 [29 [3 [17 [15 [6 [5] [9 [8]]]] [24 [22 [18 [21 [20]]]] [27 [28]]]]] [34 [32 [30] [33]] [41 [37 [36]] [58 [49 [48 [46 [44 [43 [42]]]]] [51 [53 [52] [54 [55 [56]]]]]]]]]]] [67 [64 [62] [66]] [68 [71 [70 [69]] [75 [72 [74]]]]]]] [98 [90 [83 [80 [79] [82]] [85 [86 [88]]]] [96 [94 [91]]]] [99 [100]]]]
size is 63
Duplicates: 0
Nodes: 63
Minimum depth: 2
Maximum depth: 12
