GST:
0: 3.000000(3.000000)X
1: 2.000000(3.000000)L
2: =1.000000(2.000000)L
debug: [3.000000 [2.000000 [1.000000]]]
is 2.000000 present? yes
GST:
0: 2.000000(2.000000)X
1: =1.000000(2.000000)L
debug: [2.000000 [1.000000]]
is 2.000000 present? yes
GST:
0: =1.000000(1.000000)X
debug: [1.000000]
is 2.000000 present? no
size: 1
Duplicates: 0
Nodes: 1
Minimum depth: 0
Maximum depth: 0
