GST:
0: 153(153)X
1: 20(153)L 188(153)R
2: 18(20)L 95(20)R 154(188)L
3: 10(18)L =19(18)R 74(95)L 113(95)R 158(154)R
4: 3(10)L 11(10)R 70(74)L 76(74)R 108(113)L 137(113)R 155(158)L 162(158)R
5: =2(3)L 6(3)R 15(11)R 32(70)L =72(70)R =75(76)L 87(76)R 98(108)L 109(108)R 115(137)L 146(137)R =157(155)R 159(162)L 175(162)R
6: =5(6)L 14(15)L 28(32)L 65(32)R 79(87)L 93(87)R 100(98)R =111(109)R 117(115)R 142(146)L 150(146)R =160(159)R 169(175)L 185(175)R
7: =13(14)L 23(28)L 30(28)R 44(65)L =67(65)R 78(79)L 80(79)R 89(93)L =99(100)L 107(100)R =116(117)L 131(117)R =141(142)L 144(142)R =147(150)L 151(150)R 163(169)L 173(169)R 177(185)L =187(185)R
8: 22(23)L 27(23)R =31(30)R 33(44)L 50(44)R =77(78)L =83(80)R 92(89)R 102(107)L 130(131)L 136(131)R =143(144)L =152(151)R 166(163)R 171(173)L =174(173)R 178(177)R
9: =21(22)L =25(27)L 43(33)R =45(50)L 59(50)R =91(92)L =101(102)L 104(102)R 120(130)L 135(136)L 167(166)R =172(171)R 181(178)R
10: 41(43)L 52(59)L 63(59)R 106(104)R =119(120)L 126(120)R =132(135)L =168(167)R =180(181)L
11: 36(41)L =42(41)R =58(52)R =64(63)R =105(106)L 121(126)L 128(126)R
12: 40(36)R 122(121)R =129(128)R
13: =38(40)L 125(122)R
14: =124(125)L
debug: [153 [20 [18 [10 [3 [2] [6 [5]]] [11 [15 [14 [13]]]]] [19]] [95 [74 [70 [32 [28 [23 [22 [21]] [27 [25]]] [30 [31]]] [65 [44 [33 [43 [41 [36 [40 [38]]] [42]]]] [50 [45] [59 [52 [58]] [63 [64]]]]] [67]]] [72]] [76 [75] [87 [79 [78 [77]] [80 [83]]] [93 [89 [92 [91]]]]]]] [113 [108 [98 [100 [99] [107 [102 [101] [104 [106 [105]]]]]]] [109 [111]]] [137 [115 [117 [116] [131 [130 [120 [119] [126 [121 [122 [125 [124]]]] [128 [129]]]]] [136 [135 [132]]]]]] [146 [142 [141] [144 [143]]] [150 [147] [151 [152]]]]]]]] [188 [154 [158 [155 [157]] [162 [159 [160]] [175 [169 [163 [166 [167 [168]]]] [173 [171 [172]] [174]]] [185 [177 [178 [181 [180]]]] [187]]]]]]]]
size is 119
Duplicates: 0
Nodes: 119
Minimum depth: 1
Maximum depth: 14
