size is 6323
GST:
0: 633(633)X
1: 177(633)L 3122(633)R
2: =46(177)L 479(177)R 1498(3122)L 5991(3122)R
3: 203(479)L 894(1498)L 2773(1498)R 4939(5991)L 7866(5991)R
4: =199(203)L 806(894)L 2606(2773)L 3296(4939)L 5609(4939)R 7113(7866)L 9082(7866)R
5: 685(806)L 840(806)R 2155(2606)L 2684(2606)R 4707(3296)R 5204(5609)L 5773(5609)R 6831(7113)L 7127(7113)R 8140(9082)L 9360(9082)R
6: =724(685)R =833(840)L 1577(2155)L 2277(2155)R =2721(2684)R 4278(4707)L 4855(4707)R 5299(5204)R =5820(5773)R 6490(6831)L 7028(6831)R 7297(7127)R =7979(8140)L 8765(8140)R 9238(9360)L 9852(9360)R
7: 1612(1577)R =2278(2277)R 4031(4278)L 4361(4278)R =4835(4855)L 5315(5299)R 6223(6490)L 6586(6490)R =6861(7028)L 7254(7297)L 8440(8765)L =8970(8765)R 9182(9238)L 9293(9238)R 9394(9852)L
8: 1809(1612)R 3504(4031)L 4195(4031)R 4592(4361)R 5357(5315)R =6027(6223)L =6524(6586)L =7210(7254)L 8209(8440)L 8652(8440)R =9108(9182)L =9195(9182)R =9333(9293)R =9377(9394)L 9520(9394)R
9: =1643(1809)L 1903(1809)R 3912(3504)R =4215(4195)R 4422(4592)L 4668(4592)R 5316(5357)L =8352(8209)R =8500(8652)L 8677(8652)R =9671(9520)R
10: =1957(1903)R 3827(3912)L 4540(4422)R =4595(4668)L =5327(5316)R 8695(8677)R
11: 3519(3827)L =4542(4540)R 8718(8695)R
12: 3751(3519)R =8727(8718)R
13: 3632(3751)L 3787(3751)R
14: =3559(3632)L =3773(3787)L
debug: [633 [177 [46] [479 [203 [199]]]] [3122 [1498 [894 [806 [685 [724]] [840 [833]]]] [2773 [2606 [2155 [1577 [1612 [1809 [1643] [1903 [1957]]]]] [2277 [2278]]] [2684 [2721]]]]] [5991 [4939 [3296 [4707 [4278 [4031 [3504 [3912 [3827 [3519 [3751 [3632 [3559]] [3787 [3773]]]]]]] [4195 [4215]]] [4361 [4592 [4422 [4540 [4542]]] [4668 [4595]]]]] [4855 [4835]]]] [5609 [5204 [5299 [5315 [5357 [5316 [5327]]]]]] [5773 [5820]]]] [7866 [7113 [6831 [6490 [6223 [6027]] [6586 [6524]]] [7028 [6861]]] [7127 [7297 [7254 [7210]]]]] [9082 [8140 [7979] [8765 [8440 [8209 [8352]] [8652 [8500] [8677 [8695 [8718 [8727]]]]]] [8970]]] [9360 [9238 [9182 [9108] [9195]] [9293 [9333]]] [9852 [9394 [9377] [9520 [9671]]]]]]]]]]
size is 102
Duplicates: 0
Nodes: 102
Minimum depth: 2
Maximum depth: 14
