size is 6360
GST:
0: 9638(9638)X
1: 7416(9638)L 9833(9638)R
2: 1777(7416)L 7817(7416)R 9788(9833)L
3: 1764(1777)L 2149(1777)R 7435(7817)L 9282(7817)R 9668(9788)L
4: 436(1764)L 1817(2149)L 6065(2149)R 7611(7435)R 8470(9282)L =9688(9668)R
5: 193(436)L 1439(436)R 2030(1817)R 2543(6065)L 6800(6065)R =7448(7611)L 8338(8470)L 9061(8470)R
6: 375(193)R 1348(1439)L 1946(2030)L 2218(2543)L 4402(2543)R 6073(6800)L 7237(6800)R 8205(8338)L 8971(9061)L
7: 387(375)R 1305(1348)L 1882(1946)L =2202(2218)L 2243(2218)R 3872(4402)L 5553(4402)R 6490(6073)R 7132(7237)L 7842(8205)L 8215(8205)R 8660(8971)L
8: =395(387)R 852(1305)L =1844(1882)L =1945(1882)R =2221(2243)L 2254(2243)R 3705(3872)L 4380(3872)R 5086(5553)L 6257(6490)L 6603(6490)R 6959(7132)L =7870(7842)R =8245(8215)R =8494(8660)L 8875(8660)R
9: 609(852)L 1239(852)R 2396(2254)R 3627(3705)L =3748(3705)R 3952(4380)L 4865(5086)L 5520(5086)R 6343(6257)R 6548(6603)L =6743(6603)R =6801(6959)L =6982(6959)R =8866(8875)L 8943(8875)R
10: 586(609)L 657(609)R 973(1239)L =1268(1239)R 2325(2396)L 3478(3627)L 3637(3627)R 3957(3952)R =4846(4865)L =5073(4865)R 5497(5520)L 6284(6343)L =6518(6548)L =8890(8943)L
11: 501(586)L =627(657)L =922(973)L 2356(2325)R 3011(3478)L =3659(3637)R 4142(3957)R 5363(5497)L =6319(6284)R
12: =491(501)L =2335(2356)L =2816(3011)L 3174(3011)R =3964(4142)L 4253(4142)R 5281(5363)L
13: =3043(3174)L =3383(3174)R =4167(4253)L =4294(4253)R 5161(5281)L
14: =5151(5161)L
debug: [9638 [7416 [1777 [1764 [436 [193 [375 [387 [395]]]] [1439 [1348 [1305 [852 [609 [586 [501 [491]]] [657 [627]]] [1239 [973 [922]] [1268]]]]]]]] [2149 [1817 [2030 [1946 [1882 [1844] [1945]]]]] [6065 [2543 [2218 [2202] [2243 [2221] [2254 [2396 [2325 [2356 [2335]]]]]]] [4402 [3872 [3705 [3627 [3478 [3011 [2816] [3174 [3043] [3383]]]] [3637 [3659]]] [3748]] [4380 [3952 [3957 [4142 [3964] [4253 [4167] [4294]]]]]]] [5553 [5086 [4865 [4846] [5073]] [5520 [5497 [5363 [5281 [5161 [5151]]]]]]]]]] [6800 [6073 [6490 [6257 [6343 [6284 [6319]]]] [6603 [6548 [6518]] [6743]]]] [7237 [7132 [6959 [6801] [6982]]]]]]]] [7817 [7435 [7611 [7448]]] [9282 [8470 [8338 [8205 [7842 [7870]] [8215 [8245]]]] [9061 [8971 [8660 [8494] [8875 [8866] [8943 [8890]]]]]]]]]] [9833 [9788 [9668 [9688]]]]]
size is 113
Duplicates: 0
Nodes: 113
Minimum depth: 1
Maximum depth: 14
