GST:
0: 2(2)X
1: 7(2)R
2: 6(7)L 10(7)R
3: 4(6)L 8(10)L 12(10)R
4: =5(4)R =9(8)R 14(12)R
5: =13(14)L
debug: [2 [7 [6 [4 [5]]] [10 [8 [9]] [12 [14 [13]]]]]]
size is 11
GST:
0: 2(2)X
1: 14(2)R
2: 6(14)L
3: =5(6)L
debug: [2 [14 [6 [5]]]]
size is 4
Duplicates: 0
Nodes: 4
Minimum depth: 0
Maximum depth: 3
