size is 6367
GST:
0: 4385(4385)X
1: 1443(4385)L 5450(4385)R
2: 819(1443)L 4318(1443)R 4940(5450)L 9208(5450)R
3: 385(819)L 1344(819)R 2933(4318)L =4333(4318)R 4681(4940)L 5360(4940)R 7986(9208)L 9309(9208)R
4: 224(385)L 749(385)R 1135(1344)L 1734(2933)L 3014(2933)R 4449(4681)L 4683(4681)R 5295(5360)L 6058(7986)L 8326(7986)R 9954(9309)R
5: 100(224)L 513(749)L =771(749)R 1056(1135)L 1548(1734)L 2685(1734)R 2956(3014)L 3373(3014)R =4476(4449)R =4850(4683)R 5118(5295)L =5342(5295)R 6031(6058)L 7740(6058)R 8216(8326)L 8739(8326)R 9471(9954)L
6: 92(100)L 474(513)L 987(1056)L =1489(1548)L 2240(2685)L =2946(2956)L =3045(3373)L 4086(3373)R 5091(5118)L 5618(6031)L 6967(7740)L =8073(8216)L =8285(8216)R 8534(8739)L 8824(8739)R 9793(9471)R
7: =3(92)L 428(474)L =927(987)L 1931(2240)L 2675(2240)R 3732(4086)L 4943(5091)L 5627(5618)R 6883(6967)L 7171(6967)R =8489(8534)L 8804(8824)L 9676(9793)L
8: 406(428)L 2058(1931)R 2539(2675)L 3553(3732)L =3821(3732)R =4980(4943)R =5662(5627)R 6600(6883)L =6892(6883)R 7122(7171)L 7364(7171)R 8746(8804)L 9569(9676)L 9750(9676)R
9: =403(406)L 1957(2058)L 2132(2058)R 2403(2539)L =2633(2539)R =3404(3553)L 3582(3553)R =6123(6600)L 7055(7122)L 7302(7364)L 7401(7364)R =8743(8746)L =9485(9569)L =9727(9750)L
10: =1991(1957)R =2059(2132)L =2255(2403)L 2466(2403)R 3627(3582)R =6998(7055)L 7323(7302)R 7595(7401)R
11: =2404(2466)L 3631(3627)R =7310(7323)L =7557(7595)L
12: =3651(3631)R
debug: [4385 [1443 [819 [385 [224 [100 [92 [3]]]] [749 [513 [474 [428 [406 [403]]]]] [771]]] [1344 [1135 [1056 [987 [927]]]]]] [4318 [2933 [1734 [1548 [1489]] [2685 [2240 [1931 [2058 [1957 [1991]] [2132 [2059]]]] [2675 [2539 [2403 [2255] [2466 [2404]]] [2633]]]]]] [3014 [2956 [2946]] [3373 [3045] [4086 [3732 [3553 [3404] [3582 [3627 [3631 [3651]]]]] [3821]]]]]] [4333]]] [5450 [4940 [4681 [4449 [4476]] [4683 [4850]]] [5360 [5295 [5118 [5091 [4943 [4980]]]] [5342]]]] [9208 [7986 [6058 [6031 [5618 [5627 [5662]]]] [7740 [6967 [6883 [6600 [6123]] [6892]] [7171 [7122 [7055 [6998]]] [7364 [7302 [7323 [7310]]] [7401 [7595 [7557]]]]]]]] [8326 [8216 [8073] [8285]] [8739 [8534 [8489]] [8824 [8804 [8746 [8743]]]]]]] [9309 [9954 [9471 [9793 [9676 [9569 [9485]] [9750 [9727]]]]]]]]]]
size is 113
Duplicates: 0
Nodes: 113
Minimum depth: 3
Maximum depth: 12
