<3,4,2>
3
<4,2>
head->{4,2},tail->{2}
4
<2>
head->{2},tail->{2}
<>
head->{},tail->{}
