size is 6339
pre-order: [5012 [4923 [2879 [1190 [308 [31] [392 [371] [1067 [824 [620] [975 [1006]]]]]] [2155 [2093 [1512 [1359 [1219]] [1873 [1553 [1595 [1658 [1631]]]] [1875 [1880]]]]] [2462 [2235] [2775 [2710 [2471]]]]]] [4030 [3935 [3810 [3548 [3529 [2949 [3137 [2998 [2950]]]]]] [3832]]] [4540 [4386 [4285 [4205 [4110 [4183]]]] [4455 [4464 [4480]]]] [4829 [4555 [4660 [4575 [4598 [4595 [4581]] [4603]]]]] [4862 [4850] [4911 [4889]]]]]]]] [5473 [5278 [5176 [5056]] [5346]] [8859 [5711 [5581 [5615 [5647]]] [8148 [7576 [7281 [6759 [6269 [6039 [5982 [5798]]] [6561 [6322] [6569 [6574]]]] [6974 [6773] [7092 [7035] [7239 [7175 [7198]]]]]]] [7854 [7775 [7683 [7625 [7583]]]]]] [8168 [8579 [8668]]]]] [9947 [9196 [8999 [8927 [8911 [8862]]] [9086 [9125 [9104]]]] [9762 [9461 [9293] [9611 [9683 [9687]]]] [9887]]] [9978]]]]]
level: 5012
4923 5473
2879 5278 8859
1190 4030 5176 5346 5711 9947
308 2155 3935 4540 5056 5581 8148 9196 9978
31 392 2093 2462 3810 4386 4829 5615 7576 8168 8999 9762
371 1067 1512 2235 2775 3548 3832 4285 4455 4555 4862 5647 7281 7854 8579 8927 9086 9461 9887
824 1359 1873 2710 3529 4205 4464 4660 4850 4911 6759 7775 8668 8911 9125 9293 9611
620 975 1219 1553 1875 2471 2949 4110 4480 4575 4889 6269 6974 7683 8862 9104 9683
1006 1595 1880 3137 4183 4598 6039 6561 6773 7092 7625 9687
1658 2998 4595 4603 5982 6322 6569 7035 7239 7583
1631 2950 4581 5798 6574 7175
7198
size is 115
Nodes: 115
Minimum depth: 1
Maximum depth: 12
