size is 6311
pre-order: [366 [143 [42 [94]] [305 [348]]] [6587 [5260 [3308 [2254 [1151 [544 [928 [699] [1030 [1035]]]] [1850 [1312 [1625 [1332 [1506]] [1817 [1682 [1660]]]]] [2057 [2235]]]] [2558 [2844 [2703 [2814 [2815]]] [3063 [2884 [2895]]]]]] [3739 [4740 [4046 [3963 [3799 [3890 [3845 [3876]]]] [4031]] [4417 [4325 [4255 [4103 [4182 [4125] [4196 [4185]]]]]] [4447 [4669 [4651 [4553 [4472 [4498 [4499]]] [4562]]]]]]] [5137 [4953 [4858 [4764]] [4970]]]]]] [5495 [5839 [5656] [6454 [6051 [6152 [6187 [6212 [6363 [6271]]]]]]]]]] [9944 [8885 [8566 [6644 [8246 [6891 [6695 [6749]] [7613 [7042 [7553 [7301 [7177 [7219]] [7317 [7388 [7337 [7355]]]]]]] [8018 [7891 [7790]] [8121 [8095]]]]] [8362 [8335 [8250]]]]] [8651 [8681]]] [9707 [9276 [8975] [9520 [9479]]] [9802 [9729 [9744]] [9881 [9885]]]]]]]]
level: 366
143 6587
42 305 5260 9944
94 348 3308 5495 8885
2254 3739 5839 8566 9707
1151 2558 4740 5656 6454 6644 8651 9276 9802
544 1850 2844 4046 5137 6051 8246 8681 8975 9520 9729 9881
928 1312 2057 2703 3063 3963 4417 4953 6152 6891 8362 9479 9744 9885
699 1030 1625 2235 2814 2884 3799 4031 4325 4447 4858 4970 6187 6695 7613 8335
1035 1332 1817 2815 2895 3890 4255 4669 4764 6212 6749 7042 8018 8250
1506 1682 3845 4103 4651 6363 7553 7891 8121
1660 3876 4182 4553 6271 7301 7790 8095
4125 4196 4472 4562 7177 7317
4185 4498 7219 7388
4499 7337
7355
size is 112
Nodes: 112
Minimum depth: 2
Maximum depth: 15
