starting 1000000 unions
p: {{86,67,82,3,94,83,44,41,99,95,83,72,61,89,7,29,42,70,48,24,27,39,51,64,63,45,32,9,76,52,39,46,86,71,12,18,15,4,49,61,38,67,43,1,7,76,25,6,3,44,49,16,46,22,13,98,41,31}}
p (debug): head->{{86,67,82,3,94,83,44,41,99,95,83,72,61,89,7,29,42,70,48,24,27,39,51,64,63,45,32,9,76,52,39,46,86,71,12,18,15,4,49,61,38,67,43,1,7,76,25,6,3,44,49,16,46,22,13,98,41,31}},tail->{{31}}

q: {{86,19,95,92,96,55,7,88,89,61,94,86,40,40,51,9,49,54,25,22,39,10,22,90,36,44,59,3,20}}
q (debug): head->{{86,19,95,92,96,55,7,88,89,61,94,86,40,40,51,9,49,54,25,22,39,10,22,90,36,44,59,3,20}},tail->{{20}}

size is 58
value at 17 is 70
setting value at 17 to 80
value at 17 now is 80
size is 29
value at 22 is 22
setting value at 22 to 80
value at 22 now is 80
