size is 10000
value at 7554 is 59.000000
setting value at 7554 to 8.700000
value at 7554 now is 8.700000
