starting 1000000 unions
size is 20000
value at 13727 is 61
setting value at 13727 to 33
value at 13727 now is 33
size is 10000
value at 1621 is 11
setting value at 1621 to 7
value at 1621 now is 7
