min should be a0
min is a0
min should be a2
min is a2
peek: a3
size: 1
