peek: 2147468819
size is 103849
extracted 371761
extracted 371350
extracted 336250
extracted 333188
extracted 332407
extracted 313070
extracted 307585
extracted 234098
extracted 218964
extracted 201118
peek: 195264
size is 10
