peek: 2147436867
size is 102155
extracted 376038
extracted 354543
extracted 342932
extracted 334911
extracted 333906
extracted 330997
extracted 307711
extracted 300376
extracted 297860
extracted 253997
peek: 243276
size is 10
