size is 9978
value at 5312 is 61.000000
setting value at 5312 to 8.700000
value at 5312 now is 8.700000
