starting 1000000 unions
q: {52,82,33,89,4,25,96,85,71,88,6,36,73,47,92,7,93,19,15,41,92,5,79,17,83,45,4,11,63,2,61,20,43,68,8,55,95,21,56,41,2,84,12,10,78,28,53,11,57,95,20,81,53,47,4,4,52,29,89,34,0,19,93,93,29,73,89,54,5,64,20,82,71,64,5,29,81,67,76,77,60,11,61,68,51,7,16,86,15,59,27,67,81,60,32,52,41,36,76,4,57,31,95,20,77,50}
q (debug): head->{52,82,33,89,4,25,96,85,71,88,6,36,73,47,92,7,93,19,15,41,92,5,79,17,83,45,4,11,63,2,61,20,43,68,8,55,95,21,56,41,2,84,12,10,78,28,53,11,57,95,20,81,53,47,4,4,52,29,89,34,0,19,93,93,29,73,89,54,5,64,20,82,71,64,5,29,81,67,76,77,60,11,61,68,51,7,16,86,15,59,27,67,81,60,32,52,41,36,76,4,57,31,95,20,77,50},tail->{50}

size is 2000106
value at 556035 is 50
setting value at 556035 to 81
value at 556035 now is 81
size is 106
value at 48 is 57
setting value at 48 to 2
value at 48 now is 2
