size is 10000
value at 3578 is 28.000000
setting value at 3578 to 9.000000
value at 3578 now is 9.000000
