pre-order: [6 [1 [0] [3]] [12 [9 [7] [10 [11]]] [13]]]
level: 6
1 12
0 3 9 13
7 10
11
size is 10
Nodes: 10
Minimum depth: 2
Maximum depth: 4
